02:12:18 **** Incremental Build of configuration Debug for project HMI_ECU ****
make all 
Building file: ../application_HMI.c
Invoking: AVR Compiler
avr-gcc -Wall -g2 -gstabs -O0 -fpack-struct -fshort-enums -ffunction-sections -fdata-sections -std=gnu99 -funsigned-char -funsigned-bitfields -mmcu=atmega32 -DF_CPU=8000000UL -MMD -MP -MF"application_HMI.d" -MT"application_HMI.o" -c -o "application_HMI.o" "../application_HMI.c"
In file included from ../application_HMI.c:13:
c:/winavr-20100110/lib/gcc/../../avr/include/util/delay.h:90:3: warning: #warning "Compiler optimizations disabled; functions from <util/delay.h> won't work as designed"
Finished building: ../application_HMI.c
 
Building target: HMI_ECU.elf
Invoking: AVR C Linker
avr-gcc -Wl,-Map,HMI_ECU.map -mmcu=atmega32 -o "HMI_ECU.elf"  ./LCD.o ./application_HMI.o ./gpio.o ./keypad_me.o ./timer.o ./uart.o   
Finished building target: HMI_ECU.elf
 
Invoking: AVR Create Extended Listing
avr-objdump -h -S HMI_ECU.elf  >"HMI_ECU.lss"
Finished building: HMI_ECU.lss
 
Invoking: Print Size
avr-size --format=avr --mcu=atmega32 HMI_ECU.elf
AVR Memory Usage
----------------
Device: atmega32

Program:   12202 bytes (37.2% Full)
(.text + .data + .bootloader)

Data:        666 bytes (32.5% Full)
(.data + .bss + .noinit)


Finished building: sizedummy
 

02:12:19 Build Finished. 0 errors, 1 warnings. (took 756ms)

